// Jest Snapshot v1, https://goo.gl/fbAQLP

exports[`Clock count changes when button is clicked 1`] = `
<div>
  <p>
    0
  </p>
  <button
    onClick={[Function]}
  >
    Increase
  </button>
</div>
`;

exports[`Clock count changes when button is clicked 2`] = `
<div>
  <p>
    1
  </p>
  <button
    onClick={[Function]}
  >
    Increase
  </button>
</div>
`;